../Core/Src/main.c:38:6:SPI_WIFI_Delay	16	static
../Core/Src/main.c:43:8:SPI_WIFI_Init	56	static
../Core/Src/main.c:110:8:SPI_WIFI_ReceiveData	32	static
../Core/Src/main.c:118:8:SPI_WIFI_SendData	32	static
../Core/Src/main.c:126:9:SPI_WIFI_DataReady	8	static
../Core/Src/main.c:132:5:main	528	static
../Core/Src/main.c:438:13:UART1_Init	40	static
../Core/Src/main.c:472:5:_read	24	static
../Core/Src/main.c:473:5:_fstat	16	static
../Core/Src/main.c:474:5:_lseek	24	static
../Core/Src/main.c:475:5:_isatty	16	static
../Core/Src/main.c:476:5:_close	16	static
../Core/Src/main.c:477:5:_getpid	4	static
../Core/Src/main.c:478:5:_kill	16	static
../Core/Src/main.c:484:6:SPI_WIFI_ISR	4	static
../Core/Src/main.c:490:6:HAL_GPIO_EXTI_Callback	16	static
